# serializer version: 1
# name: test_apollotracing_extension_adds_tracing_data_to_async_result_extensions
  dict({
    'data': dict({
      'status': True,
    }),
    'extensions': dict({
      'tracing': dict({
        'duration': 0,
        'endTime': '2012-01-14T03:21:34.000000Z',
        'execution': dict({
          'resolvers': list([
            dict({
              'duration': 0,
              'fieldName': 'status',
              'parentType': 'Query',
              'path': list([
                'status',
              ]),
              'returnType': 'Boolean',
              'startOffset': 0,
            }),
          ]),
        }),
        'startTime': '2012-01-14T03:21:34.000000Z',
        'version': 1,
      }),
    }),
  })
# ---
# name: test_apollotracing_extension_adds_tracing_data_to_sync_result_extensions
  dict({
    'data': dict({
      'status': True,
    }),
    'extensions': dict({
      'tracing': dict({
        'duration': 0,
        'endTime': '2012-01-14T03:21:34.000000Z',
        'execution': dict({
          'resolvers': list([
            dict({
              'duration': 0,
              'fieldName': 'status',
              'parentType': 'Query',
              'path': list([
                'status',
              ]),
              'returnType': 'Boolean',
              'startOffset': 0,
            }),
          ]),
        }),
        'startTime': '2012-01-14T03:21:34.000000Z',
        'version': 1,
      }),
    }),
  })
# ---
# name: test_apollotracing_extension_handles_exceptions_in_resolvers_in_async_context
  dict({
    'testError': None,
  })
# ---
# name: test_apollotracing_extension_handles_exceptions_in_resolvers_in_sync_context
  dict({
    'testError': None,
  })
# ---
